{"_type":"SystemEvent","eventId":"test","source":"CSW.TestPublisher","eventName":"testEvent1","eventTime":"1970-01-01T00:00:00Z","paramSet":[{"DoubleKey":{"keyName":"assemblyEventValue","values":[42.0],"units":"NoUnits"}}]}
{"_type":"SystemEvent","eventId":"test","source":"CSW.TestPublisher","eventName":"testEvent2","eventTime":"1970-01-01T00:00:00Z","paramSet":[{"IntKey":{"keyName":"IntValue","values":[42],"units":"arcsec"}},{"IntArrayKey":{"keyName":"IntArrayValue","values":[[1,2,3,4],[5,6,7,8]],"units":"NoUnits"}},{"FloatArrayKey":{"keyName":"FloatArrayValue","values":[[1.2,2.3,3.4],[5.6,7.8,9.1]],"units":"marcsec"}},{"IntMatrixKey":{"keyName":"IntMatrixValue","values":[[[1,2,3,4],[5,6,7,8]],[[-1,-2,-3,-4],[-5,-6,-7,-8]]],"units":"meter"}}]}
{"_type":"SystemEvent","eventId":"test","source":"CSW.TestPublisher","eventName":"testEvent3","eventTime":"1970-01-01T00:00:00Z","paramSet":[{"CoordKey":{"keyName":"CoordParam","values":[{"_type":"EqCoord","tag":"BASE","ra":659912249999,"dec":-109892300000,"frame":"FK5","catalogName":"none","pm":{"pmx":0.5,"pmy":2.33}},{"_type":"SolarSystemCoord","tag":"BASE","body":"Venus"},{"_type":"MinorPlanetCoord","tag":"GUIDER1","epoch":2000.0,"inclination":324000000000,"longAscendingNode":7200000000,"argOfPerihelion":360000000000,"meanDistance":1.4,"eccentricity":0.234,"meanAnomaly":792000000000},{"_type":"CometCoord","tag":"BASE","epochOfPerihelion":2000.0,"inclination":324000000000,"longAscendingNode":7200000000,"argOfPerihelion":360000000000,"perihelionDistance":1.4,"eccentricity":0.234},{"_type":"AltAzCoord","tag":"301 deg","alt":153000000000,"az":0}],"units":"NoUnits"}},{"ByteKey":{"keyName":"byteValue","values":[-34,-83,-66,-17],"units":"NoUnits"}},{"ShortKey":{"keyName":"shortValue","values":[42],"units":"arcsec"}},{"BooleanKey":{"keyName":"booleanValue","values":[true,false],"units":"arcsec"}},{"ByteArrayKey":{"keyName":"ByteArrayValue","values":[[-34,-83,-66,-17],[1,2,3,4]],"units":"NoUnits"}},{"IntArrayKey":{"keyName":"IntArrayValue","values":[[1,2,3,4],[5,6,7,8]],"units":"NoUnits"}},{"LongKey":{"keyName":"longValue","values":[42],"units":"arcsec"}},{"FloatKey":{"keyName":"floatValue","values":[42.1],"units":"arcsec"}},{"FloatArrayKey":{"keyName":"FloatArrayValue","values":[[1.2,2.3,3.4],[5.6,7.8,9.1]],"units":"arcsec"}},{"IntMatrixKey":{"keyName":"IntMatrixValue","values":[[[1,2,3,4],[5,6,7,8]],[[-1,-2,-3,-4],[-5,-6,-7,-8]]],"units":"meter"}},{"DoubleArrayKey":{"keyName":"DoubleArrayValue","values":[[1.2,2.3,3.4],[5.6,7.8,9.1]],"units":"arcsec"}},{"IntKey":{"keyName":"IntValue","values":[42],"units":"arcsec"}}]}
{"_type":"SystemEvent","eventId":"test","source":"CSW.TestPublisher","eventName":"testEvent4","eventTime":"1970-01-01T00:00:00Z","paramSet":[{"UTCTimeKey":{"keyName":"assemblyEventValue","values":["2021-09-20T20:43:35.419053077Z"],"units":"NoUnits"}},{"TAITimeKey":{"keyName":"assemblyEventValue2","values":["2021-09-20T18:44:12.419084072Z"],"units":"NoUnits"}}]}
