Response from validate command to CSW.pycswTest-Service: Accepted(Id(test))
Initial response from submit of long running command to CSW.pycswTest-Service: Started(Id(test))
Received current state from python service: CurrentState(source=CSW.pycswTest, stateName=StateName(PyCswState), paramSet=Set(IntValue((42)arcsec), IntArrayValue(((1,2,3,4),(5,6,7,8))none), FloatArrayValue(((1.2,2.3,3.4),(5.6,7.8,9.1))mas), IntMatrixValue((((1,2,3,4),(5,6,7,8)),((-1,-2,-3,-4),(-5,-6,-7,-8)))m)))
Received current state from python service: CurrentState(source=CSW.pycswTest, stateName=StateName(PyCswState), paramSet=Set(IntValue((42)arcsec), IntArrayValue(((1,2,3,4),(5,6,7,8))none), FloatArrayValue(((1.2,2.3,3.4),(5.6,7.8,9.1))mas), IntMatrixValue((((1,2,3,4),(5,6,7,8)),((-1,-2,-3,-4),(-5,-6,-7,-8)))m)))
Final response from submit of long running command to CSW.pycswTest-Service: Completed(Id(test),Result(()))
Response from simple submit to CSW.pycswTest-Service: Completed(Id(test),Result(()))
Response with result from submit to CSW.pycswTest-Service: Completed(Id(test),Result((myValue((42.0)none))))
Response from error command submit to CSW.pycswTest-Service: Error(Id(test),Error command received)
Response from invalid command submit to CSW.pycswTest-Service: Invalid(Id(test),MissingKeyIssue(Missing required key XXX))
