SystemEvent(testEvent1, assemblyEventValue((42.0)none))
SystemEvent(testEvent2, FloatArrayValue(((1.2,2.3,3.4),(5.6,7.8,9.1))mas), IntArrayValue(((1,2,3,4),(5,6,7,8))none), IntMatrixValue((((1,2,3,4),(5,6,7,8)),((-1,-2,-3,-4),(-5,-6,-7,-8)))m), IntValue((42)arcsec))
SystemEvent(testEvent3, ByteArrayValue(((-34,-83,-66,-17),(1,2,3,4))none), CoordParam((EqCoord(12:13:14.150  -30:31:32.300 FK5 none BASE 0.5/2.33),SolarSystemCoord(BASE,Venus),MinorPlanetCoord(GUIDER1,2000.0,Angle(90.0 degree),Angle(2.0 degree),Angle(100.0 degree),1.4,0.234,Angle(220.0 degree)),CometCoord(BASE,2000.0,Angle(90.0 degree),Angle(2.0 degree),Angle(100.0 degree),1.4,0.234),AltAzCoord(301 deg 42.5  0.0))none), DoubleArrayValue(((1.2,2.3,3.4),(5.6,7.8,9.1))arcsec), FloatArrayValue(((1.2,2.3,3.4),(5.6,7.8,9.1))arcsec), IntArrayValue(((1,2,3,4),(5,6,7,8))none), IntMatrixValue((((1,2,3,4),(5,6,7,8)),((-1,-2,-3,-4),(-5,-6,-7,-8)))m), IntValue((42)arcsec), booleanValue((true,false)none), byteValue((-34,-83,-66,-17)none), floatValue((42.1)arcsec), longValue((42)arcsec), shortValue((42)arcsec))
SystemEvent(testEvent4, assemblyEventValue((UTCTime(2021-09-20T20:43:35.419053077Z))none), assemblyEventValue2((TAITime(2021-09-20T18:44:12.419084072Z))none))
